[    0.000000] Linux version 4.15.0-212-generic (buildd@lcy02-amd64-083) (gcc version 7.5.0 (Ubuntu 7.5.0-3ubuntu1~18.04)) #223-Ubuntu SMP Tue May 23 13:09:22 UTC 2023 (Ubuntu 4.15.0-212.223-generic 4.15.18)
[    0.000000] Command line: BOOT_IMAGE=/boot/vmlinuz-4.15.0-212-generic root=LABEL=cloudimg-rootfs ro console=tty1 console=ttyS0
[    0.000000] KERNEL supported cpus:
[    0.000000]   Intel GenuineIntel
[    0.000000]   AMD AuthenticAMD
[    0.000000]   Centaur CentaurHauls
[    0.000000] x86/fpu: Supporting XSAVE feature 0x001: 'x87 floating point registers'
[    0.000000] x86/fpu: Supporting XSAVE feature 0x002: 'SSE registers'
[    0.000000] x86/fpu: Supporting XSAVE feature 0x004: 'AVX registers'
[    0.000000] x86/fpu: xstate_offset[2]:  576, xstate_sizes[2]:  256
[    0.000000] x86/fpu: Enabled xstate features 0x7, context size is 832 bytes, using 'standard' format.
[    0.000000] e820: BIOS-provided physical RAM map:
[    0.000000] BIOS-e820: [mem 0x0000000000000000-0x000000000009fbff] usable
[    0.000000] BIOS-e820: [mem 0x000000000009fc00-0x000000000009ffff] reserved
[    0.000000] BIOS-e820: [mem 0x00000000000f0000-0x00000000000fffff] reserved
[    0.000000] BIOS-e820: [mem 0x0000000000100000-0x000000003ffeffff] usable
[    0.000000] BIOS-e820: [mem 0x000000003fff0000-0x000000003fffffff] ACPI data
[    0.000000] BIOS-e820: [mem 0x00000000fec00000-0x00000000fec00fff] reserved
[    0.000000] BIOS-e820: [mem 0x00000000fee00000-0x00000000fee00fff] reserved
[    0.000000] BIOS-e820: [mem 0x00000000fffc0000-0x00000000ffffffff] reserved
[    0.000000] NX (Execute Disable) protection: active
[    0.000000] SMBIOS 2.5 present.
[    0.000000] DMI: innotek GmbH VirtualBox/VirtualBox, BIOS VirtualBox 12/01/2006
[    0.000000] Hypervisor detected: KVM
[    0.000000] e820: last_pfn = 0x3fff0 max_arch_pfn = 0x400000000
[    0.000000] x86/PAT: Configuration [0-7]: WB  WC  UC- UC  WB  WP  UC- WT  
[    0.000000] found SMP MP-table at [mem 0x0009fbf0-0x0009fbff]
[    0.000000] Scanning 1 areas for low memory corruption
[    0.000000] RAMDISK: [mem 0x359cb000-0x36cdcfff]
[    0.000000] ACPI: Early table checksum verification disabled
[    0.000000] ACPI: RSDP 0x00000000000E0000 000024 (v02 VBOX  )
[    0.000000] ACPI: XSDT 0x000000003FFF0030 00003C (v01 VBOX   VBOXXSDT 00000001 ASL  00000061)
[    0.000000] ACPI: FACP 0x000000003FFF00F0 0000F4 (v04 VBOX   VBOXFACP 00000001 ASL  00000061)
[    0.000000] ACPI: DSDT 0x000000003FFF0610 002353 (v02 VBOX   VBOXBIOS 00000002 INTL 20100528)
[    0.000000] ACPI: FACS 0x000000003FFF0200 000040
[    0.000000] ACPI: FACS 0x000000003FFF0200 000040
[    0.000000] ACPI: APIC 0x000000003FFF0240 00005C (v02 VBOX   VBOXAPIC 00000001 ASL  00000061)
[    0.000000] ACPI: SSDT 0x000000003FFF02A0 00036C (v01 VBOX   VBOXCPUT 00000002 INTL 20100528)
[    0.000000] ACPI: Reserving FACP table memory at [mem 0x3fff00f0-0x3fff01e3]
[    0.000000] ACPI: Reserving DSDT table memory at [mem 0x3fff0610-0x3fff2962]
[    0.000000] ACPI: Reserving FACS table memory at [mem 0x3fff0200-0x3fff023f]
[    0.000000] ACPI: Reserving FACS table memory at [mem 0x3fff0200-0x3fff023f]
[    0.000000] ACPI: Reserving APIC table memory at [mem 0x3fff0240-0x3fff029b]
[    0.000000] ACPI: Reserving SSDT table memory at [mem 0x3fff02a0-0x3fff060b]
[    0.000000] No NUMA configuration found
[    0.000000] Faking a node at [mem 0x0000000000000000-0x000000003ffeffff]
[    0.000000] NODE_DATA(0) allocated [mem 0x3ffc5000-0x3ffeffff]
[    0.000000] kvm-clock: cpu 0, msr 0:3ff44001, primary cpu clock
[    0.000000] kvm-clock: Using msrs 4b564d01 and 4b564d00
[    0.000000] kvm-clock: using sched offset of 3871151373 cycles
[    0.000000] clocksource: kvm-clock: mask: 0xffffffffffffffff max_cycles: 0x1cd42e4dffb, max_idle_ns: 881590591483 ns
[    0.000000] Zone ranges:
[    0.000000]   DMA      [mem 0x0000000000001000-0x0000000000ffffff]
[    0.000000]   DMA32    [mem 0x0000000001000000-0x000000003ffeffff]
[    0.000000]   Normal   empty
[    0.000000]   Device   empty
[    0.000000] Movable zone start for each node
[    0.000000] Early memory node ranges
[    0.000000]   node   0: [mem 0x0000000000001000-0x000000000009efff]
[    0.000000]   node   0: [mem 0x0000000000100000-0x000000003ffeffff]
[    0.000000] Reserved but unavailable: 104 pages
[    0.000000] Initmem setup node 0 [mem 0x0000000000001000-0x000000003ffeffff]
[    0.000000] ACPI: PM-Timer IO Port: 0x4008
[    0.000000] IOAPIC[0]: apic_id 2, version 32, address 0xfec00000, GSI 0-23
[    0.000000] ACPI: INT_SRC_OVR (bus 0 bus_irq 0 global_irq 2 dfl dfl)
[    0.000000] ACPI: INT_SRC_OVR (bus 0 bus_irq 9 global_irq 9 low level)
[    0.000000] Using ACPI (MADT) for SMP configuration information
[    0.000000] smpboot: Allowing 2 CPUs, 0 hotplug CPUs
[    0.000000] PM: Registered nosave memory: [mem 0x00000000-0x00000fff]
[    0.000000] PM: Registered nosave memory: [mem 0x0009f000-0x0009ffff]
[    0.000000] PM: Registered nosave memory: [mem 0x000a0000-0x000effff]
[    0.000000] PM: Registered nosave memory: [mem 0x000f0000-0x000fffff]
[    0.000000] e820: [mem 0x40000000-0xfebfffff] available for PCI devices
[    0.000000] Booting paravirtualized kernel on KVM
[    0.000000] clocksource: refined-jiffies: mask: 0xffffffff max_cycles: 0xffffffff, max_idle_ns: 7645519600211568 ns
[    0.000000] setup_percpu: NR_CPUS:8192 nr_cpumask_bits:2 nr_cpu_ids:2 nr_node_ids:1
[    0.000000] percpu: Embedded 50 pages/cpu s167936 r8192 d28672 u1048576
[    0.000000] PV qspinlock hash table entries: 256 (order: 0, 4096 bytes)
[    0.000000] Built 1 zonelists, mobility grouping on.  Total pages: 257913
[    0.000000] Policy zone: DMA32
[    0.000000] Kernel command line: BOOT_IMAGE=/boot/vmlinuz-4.15.0-212-generic root=LABEL=cloudimg-rootfs ro console=tty1 console=ttyS0
[    0.000000] Memory: 982644K/1048120K available (12300K kernel code, 2477K rwdata, 4324K rodata, 2480K init, 2720K bss, 65476K reserved, 0K cma-reserved)
[    0.000000] SLUB: HWalign=64, Order=0-3, MinObjects=0, CPUs=2, Nodes=1
[    0.000000] Kernel/User page tables isolation: enabled
[    0.000000] ftrace: allocating 39508 entries in 155 pages
[    0.004000] Hierarchical RCU implementation.
[    0.004000] 	RCU restricting CPUs from NR_CPUS=8192 to nr_cpu_ids=2.
[    0.004000] 	Tasks RCU enabled.
[    0.004000] RCU: Adjusting geometry for rcu_fanout_leaf=16, nr_cpu_ids=2
[    0.004000] NR_IRQS: 524544, nr_irqs: 440, preallocated irqs: 16
[    0.004000] random: crng init done
[    0.004000] Console: colour VGA+ 80x25
[    0.004000] console [tty1] enabled
[    0.004000] console [ttyS0] enabled
[    0.004000] ACPI: Core revision 20170831
[    0.004000] ACPI: 2 ACPI AML tables successfully acquired and loaded
[    0.004000] APIC: Switch to symmetric I/O mode setup
[    0.004000] x2apic enabled
[    0.004000] Switched APIC routing to physical x2apic.
[    0.004000] ..TIMER: vector=0x30 apic1=0 pin1=2 apic2=-1 pin2=-1
[    0.004008] tsc: Detected 2803.200 MHz processor
[    0.005556] Calibrating delay loop (skipped) preset value.. 5606.40 BogoMIPS (lpj=11212800)
[    0.005556] pid_max: default: 32768 minimum: 301
[    0.006277] Security Framework initialized
[    0.008010] Yama: becoming mindful.
[    0.009229] AppArmor: AppArmor initialized
[    0.016058] Dentry cache hash table entries: 131072 (order: 8, 1048576 bytes)
[    0.020111] Inode-cache hash table entries: 65536 (order: 7, 524288 bytes)
[    0.021243] Mount-cache hash table entries: 2048 (order: 2, 16384 bytes)
[    0.024007] Mountpoint-cache hash table entries: 2048 (order: 2, 16384 bytes)
[    0.026407] Last level iTLB entries: 4KB 0, 2MB 0, 4MB 0
[    0.028008] Last level dTLB entries: 4KB 0, 2MB 0, 4MB 0, 1GB 0
[    0.029431] Spectre V1 : Mitigation: usercopy/swapgs barriers and __user pointer sanitization
[    0.032006] Spectre V2 : Mitigation: Retpolines
[    0.033456] Spectre V2 : Spectre v2 / SpectreRSB mitigation: Filling RSB on context switch
[    0.036005] Spectre V2 : Spectre v2 / SpectreRSB : Filling RSB on VMEXIT
[    0.037133] Speculative Store Bypass: Vulnerable
[    0.037899] MDS: Mitigation: Clear CPU buffers
[    0.038694] Freeing SMP alternatives memory: 36K
[    0.150207] smpboot: CPU0: 11th Gen Intel(R) Core(TM) i7-1165G7 @ 2.80GHz (family: 0x6, model: 0x8c, stepping: 0x1)
[    0.152000] Performance Events: unsupported p6 CPU model 140 no PMU driver, software events only.
[    0.152108] Hierarchical SRCU implementation.
[    0.157571] NMI watchdog: Perf event create on CPU 0 failed with -2
[    0.160008] NMI watchdog: Perf NMI watchdog permanently disabled
[    0.161526] smp: Bringing up secondary CPUs ...
[    0.162457] x86: Booting SMP configuration:
[    0.164006] .... node  #0, CPUs:      #1
[    0.004000] kvm-clock: cpu 1, msr 0:3ff44041, secondary cpu clock
[    0.168048] smp: Brought up 1 node, 2 CPUs
[    0.169065] smpboot: Max logical packages: 1
[    0.172014] smpboot: Total of 2 processors activated (11212.80 BogoMIPS)
[    0.176415] devtmpfs: initialized
[    0.177024] x86/mm: Memory block size: 128MB
[    0.180412] evm: security.selinux
[    0.182397] evm: security.SMACK64
[    0.184009] evm: security.SMACK64EXEC
[    0.184689] evm: security.SMACK64TRANSMUTE
[    0.185653] evm: security.SMACK64MMAP
[    0.186813] evm: security.apparmor
[    0.188006] evm: security.ima
[    0.189751] evm: security.capability
[    0.192182] clocksource: jiffies: mask: 0xffffffff max_cycles: 0xffffffff, max_idle_ns: 7645041785100000 ns
[    0.195465] futex hash table entries: 512 (order: 3, 32768 bytes)
[    0.196102] pinctrl core: initialized pinctrl subsystem
[    0.204174] RTC time: 19:52:37, date: 06/25/25
[    0.208272] NET: Registered protocol family 16
[    0.210076] audit: initializing netlink subsys (disabled)
[    0.212064] audit: type=2000 audit(1750881162.958:1): state=initialized audit_enabled=0 res=1
[    0.212192] cpuidle: using governor ladder
[    0.216013] cpuidle: using governor menu
[    0.216861] ACPI: bus type PCI registered
[    0.217617] acpiphp: ACPI Hot Plug PCI Controller Driver version: 0.5
[    0.219649] PCI: Using configuration type 1 for base access
[    0.225327] HugeTLB registered 2.00 MiB page size, pre-allocated 0 pages
[    0.225357] ACPI: Added _OSI(Module Device)
[    0.228011] ACPI: Added _OSI(Processor Device)
[    0.229932] ACPI: Added _OSI(3.0 _SCP Extensions)
[    0.231098] ACPI: Added _OSI(Processor Aggregator Device)
[    0.232014] ACPI: Added _OSI(Linux-Dell-Video)
[    0.232855] ACPI: Added _OSI(Linux-Lenovo-NV-HDMI-Audio)
[    0.234021] ACPI: Added _OSI(Linux-HPI-Hybrid-Graphics)
[    0.236717] ACPI: Executed 1 blocks of module-level executable AML code
[    0.242711] ACPI: Interpreter enabled
[    0.244016] ACPI: (supports S0 S5)
[    0.244798] ACPI: Using IOAPIC for interrupt routing
[    0.245926] PCI: Using host bridge windows from ACPI; if necessary, use "pci=nocrs" and report a bug
[    0.247547] ACPI: Enabled 2 GPEs in block 00 to 07
[    0.259360] ACPI: PCI Root Bridge [PCI0] (domain 0000 [bus 00-ff])
[    0.260013] acpi PNP0A03:00: _OSC: OS supports [ASPM ClockPM Segments MSI]
[    0.261961] acpi PNP0A03:00: _OSC: not requesting OS control; OS requires [ExtendedConfig ASPM ClockPM MSI]
[    0.264024] acpi PNP0A03:00: fail to add MMCONFIG information, can't access extended PCI configuration space under this bridge.
[    0.268293] PCI host bridge to bus 0000:00
[    0.268847] pci_bus 0000:00: root bus resource [io  0x0000-0x0cf7 window]
[    0.269940] pci_bus 0000:00: root bus resource [io  0x0d00-0xffff window]
[    0.271218] pci_bus 0000:00: root bus resource [mem 0x000a0000-0x000bffff window]
[    0.272007] pci_bus 0000:00: root bus resource [mem 0x40000000-0xfdffffff window]
[    0.273238] pci_bus 0000:00: root bus resource [bus 00-ff]
[    0.278469] pci 0000:00:01.1: legacy IDE quirk: reg 0x10: [io  0x01f0-0x01f7]
[    0.280008] pci 0000:00:01.1: legacy IDE quirk: reg 0x14: [io  0x03f6]
[    0.281889] pci 0000:00:01.1: legacy IDE quirk: reg 0x18: [io  0x0170-0x0177]
[    0.284010] pci 0000:00:01.1: legacy IDE quirk: reg 0x1c: [io  0x0376]
[    0.305363] pci 0000:00:07.0: quirk: [io  0x4000-0x403f] claimed by PIIX4 ACPI
[    0.307373] pci 0000:00:07.0: quirk: [io  0x4100-0x410f] claimed by PIIX4 SMB
[    0.314838] ACPI: PCI Interrupt Link [LNKA] (IRQs 5 9 10 *11)
[    0.316273] ACPI: PCI Interrupt Link [LNKB] (IRQs 5 9 *10 11)
[    0.317203] ACPI: PCI Interrupt Link [LNKC] (IRQs 5 *9 10 11)
[    0.318179] ACPI: PCI Interrupt Link [LNKD] (IRQs 5 9 10 *11)
[    0.320614] SCSI subsystem initialized
[    0.321910] pci 0000:00:02.0: vgaarb: setting as boot VGA device
[    0.321910] pci 0000:00:02.0: vgaarb: VGA device added: decodes=io+mem,owns=io+mem,locks=none
[    0.324032] pci 0000:00:02.0: vgaarb: bridge control possible
[    0.328008] vgaarb: loaded
[    0.328760] ACPI: bus type USB registered
[    0.329854] usbcore: registered new interface driver usbfs
[    0.330891] usbcore: registered new interface driver hub
[    0.332016] usbcore: registered new device driver usb
[    0.333118] EDAC MC: Ver: 3.0.0
[    0.333118] PCI: Using ACPI for IRQ routing
[    0.336334] NetLabel: Initializing
[    0.337483] NetLabel:  domain hash size = 128
[    0.338757] NetLabel:  protocols = UNLABELED CIPSOv4 CALIPSO
[    0.339570] NetLabel:  unlabeled traffic allowed by default
[    0.340115] clocksource: Switched to clocksource kvm-clock
[    0.382424] VFS: Disk quotas dquot_6.6.0
[    0.383706] VFS: Dquot-cache hash table entries: 512 (order 0, 4096 bytes)
[    0.385018] AppArmor: AppArmor Filesystem Enabled
[    0.386125] pnp: PnP ACPI init
[    0.388708] pnp: PnP ACPI: found 3 devices
[    0.401067] clocksource: acpi_pm: mask: 0xffffff max_cycles: 0xffffff, max_idle_ns: 2085701024 ns
[    0.403043] NET: Registered protocol family 2
[    0.403773] IP idents hash table entries: 16384 (order: 5, 131072 bytes)
[    0.416715] TCP established hash table entries: 8192 (order: 4, 65536 bytes)
[    0.419400] TCP bind hash table entries: 8192 (order: 5, 131072 bytes)
[    0.420752] TCP: Hash tables configured (established 8192 bind 8192)
[    0.422060] UDP hash table entries: 512 (order: 2, 16384 bytes)
[    0.423893] UDP-Lite hash table entries: 512 (order: 2, 16384 bytes)
[    0.427015] NET: Registered protocol family 1
[    0.429092] pci 0000:00:00.0: Limiting direct PCI/PCI transfers
[    0.430854] pci 0000:00:01.0: Activating ISA DMA hang workarounds
[    0.432346] pci 0000:00:02.0: Video device with shadowed ROM at [mem 0x000c0000-0x000dffff]
[    0.434231] Unpacking initramfs...
[    1.263671] Freeing initrd memory: 19528K
[    1.264741] clocksource: tsc: mask: 0xffffffffffffffff max_cycles: 0x28680fa287f, max_idle_ns: 440795281151 ns
[    1.267064] platform rtc_cmos: registered platform RTC device (no PNP device found)
[    1.269017] Scanning for low memory corruption every 60 seconds
[    1.273267] Initialise system trusted keyrings
[    1.275807] Key type blacklist registered
[    1.278039] workingset: timestamp_bits=36 max_order=18 bucket_order=0
[    1.282778] zbud: loaded
[    1.284291] squashfs: version 4.0 (2009/01/31) Phillip Lougher
[    1.286970] fuse init (API version 7.26)
[    1.294559] Key type asymmetric registered
[    1.296918] Asymmetric key parser 'x509' registered
[    1.299491] Block layer SCSI generic (bsg) driver version 0.4 loaded (major 246)
[    1.301308] io scheduler noop registered
[    1.302347] io scheduler deadline registered
[    1.303094] io scheduler cfq registered (default)
[    1.305067] ACPI: AC Adapter [AC] (on-line)
[    1.307387] input: Power Button as /devices/LNXSYSTM:00/LNXPWRBN:00/input/input0
[    1.309901] ACPI: Power Button [PWRF]
[    1.310786] input: Sleep Button as /devices/LNXSYSTM:00/LNXSLPBN:00/input/input1
[    1.312562] ACPI: Sleep Button [SLPF]
[    1.313618] Serial: 8250/16550 driver, 32 ports, IRQ sharing enabled
[    1.314517] ACPI: Battery Slot [BAT0] (battery present)
[    1.338217] 00:02: ttyS0 at I/O 0x3f8 (irq = 4, base_baud = 115200) is a 16550A
[    1.342735] Linux agpgart interface v0.103
[    1.356636] loop: module loaded
[    1.359377] scsi host0: ata_piix
[    1.360765] scsi host1: ata_piix
[    1.361948] ata1: PATA max UDMA/33 cmd 0x1f0 ctl 0x3f6 bmdma 0xd000 irq 14
[    1.365661] ata2: PATA max UDMA/33 cmd 0x170 ctl 0x376 bmdma 0xd008 irq 15
[    1.367286] tun: Universal TUN/TAP device driver, 1.6
[    1.368340] PPP generic driver version 2.4.2
[    1.369170] ehci_hcd: USB 2.0 'Enhanced' Host Controller (EHCI) Driver
[    1.370762] ehci-pci: EHCI PCI platform driver
[    1.372735] ehci-platform: EHCI generic platform driver
[    1.375161] ohci_hcd: USB 1.1 'Open' Host Controller (OHCI) Driver
[    1.377848] ohci-pci: OHCI PCI platform driver
[    1.380520] ohci-platform: OHCI generic platform driver
[    1.385017] uhci_hcd: USB Universal Host Controller Interface driver
[    1.387160] i8042: PNP: PS/2 Controller [PNP0303:PS2K,PNP0f03:PS2M] at 0x60,0x64 irq 1,12
[    1.389384] serio: i8042 KBD port at 0x60,0x64 irq 1
[    1.390191] serio: i8042 AUX port at 0x60,0x64 irq 12
[    1.391252] mousedev: PS/2 mouse device common for all mice
[    1.394376] input: AT Translated Set 2 keyboard as /devices/platform/i8042/serio0/input/input2
[    1.397941] rtc_cmos rtc_cmos: rtc core: registered rtc_cmos as rtc0
[    1.399516] rtc_cmos rtc_cmos: alarms up to one day, 114 bytes nvram
[    1.401400] i2c /dev entries driver
[    1.402371] device-mapper: uevent: version 1.0.3
[    1.403771] device-mapper: ioctl: 4.37.0-ioctl (2017-09-20) initialised: dm-devel@redhat.com
[    1.405903] ledtrig-cpu: registered to indicate activity on CPUs
[    1.408023] NET: Registered protocol family 10
[    1.416372] Segment Routing with IPv6
[    1.417432] NET: Registered protocol family 17
[    1.419051] Key type dns_resolver registered
[    1.420547] mce: Using 0 MCE banks
[    1.421346] RAS: Correctable Errors collector initialized.
[    1.422803] sched_clock: Marking stable (1420522554, 0)->(1684780651, -264258097)
[    1.426989] registered taskstats version 1
[    1.428801] Loading compiled-in X.509 certificates
[    1.434402] Loaded X.509 cert 'Build time autogenerated kernel key: b5b26778eaa3ab3a4a6cee031137706e947d12ad'
[    1.437320] Loaded X.509 cert 'Canonical Ltd. Live Patch Signing: 14df34d1a87cf37625abec039ef2bf521249b969'
[    1.441960] Loaded X.509 cert 'Canonical Ltd. Kernel Module Signing: 88f752e560a1e0737e31163a466ad7b70a850c19'
[    1.444664] blacklist: Loading compiled-in revocation X.509 certificates
[    1.446811] Loaded X.509 cert 'Canonical Ltd. Secure Boot Signing: 61482aa2830d0ab2ad5af10b7250da9033ddcef0'
[    1.450872] Loaded X.509 cert 'Canonical Ltd. Secure Boot Signing (2017): 242ade75ac4a15e50d50c84b0d45ff3eae707a03'
[    1.453539] Loaded X.509 cert 'Canonical Ltd. Secure Boot Signing (ESM 2018): 365188c1d374d6b07c3c8f240f8ef722433d6a8b'
[    1.455792] Loaded X.509 cert 'Canonical Ltd. Secure Boot Signing (2019): c0746fd6c5da3ae827864651ad66ae47fe24b3e8'
[    1.457814] Loaded X.509 cert 'Canonical Ltd. Secure Boot Signing (2021 v1): a8d54bbb3825cfb94fa13c9f8a594a195c107b8d'
[    1.461592] Loaded X.509 cert 'Canonical Ltd. Secure Boot Signing (2021 v2): 4cf046892d6fd3c9a5b03f98d845f90851dc6a8c'
[    1.467020] Loaded X.509 cert 'Canonical Ltd. Secure Boot Signing (2021 v3): 100437bb6de6e469b581e61cd66bce3ef4ed53af'
[    1.469316] Loaded X.509 cert 'Canonical Ltd. Secure Boot Signing (Ubuntu Core 2019): c1d57b8f6b743f23ee41f4f7ee292f06eecadfb9'
[    1.471714] zswap: loaded using pool lzo/zbud
[    1.482849] Key type big_key registered
[    1.483921] Key type trusted registered
[    1.487280] Key type encrypted registered
[    1.488466] AppArmor: AppArmor sha1 policy hashing enabled
[    1.490640] ima: No TPM chip found, activating TPM-bypass! (rc=-19)
[    1.493733] ima: Allocated hash algorithm: sha1
[    1.496374] evm: HMAC attrs: 0x1
[    1.499067]   Magic number: 13:235:901
[    1.500199] clocksource clocksource0: hash matches
[    1.501364] acpi PNP0501:01: hash matches
[    1.502514] rtc_cmos rtc_cmos: setting system clock to 2025-06-25 19:52:38 UTC (1750881158)
[    1.505346] BIOS EDD facility v0.16 2004-Jun-25, 0 devices found
[    1.507444] EDD information not available.
[    1.553610] Freeing unused kernel image memory: 2480K
[    1.859416] Write protecting the kernel read-only data: 20480k
[    1.864399] Freeing unused kernel image memory: 2008K
[    1.867417] Freeing unused kernel image memory: 1820K
[    1.880660] x86/mm: Checked W+X mappings: passed, no W+X pages found.
[    1.882979] x86/mm: Checking user space page tables
[    1.898679] x86/mm: Checked W+X mappings: passed, no W+X pages found.
Loading, please wait...
starting version 237
[    2.002609] Fusion MPT base driver 3.04.20
[    2.003722] Copyright (c) 1999-2008 LSI Corporation
[    2.029620] e1000: Intel(R) PRO/1000 Network Driver - version 7.3.21-k8-NAPI
[    2.031808] e1000: Copyright (c) 1999-2006 Intel Corporation.
[    2.043872] Fusion MPT SPI Host driver 3.04.20
[    2.053158] AVX2 version of gcm_enc/dec engaged.
[    2.054070] AES CTR mode by8 optimization enabled
[    2.067921] mptbase: ioc0: Initiating bringup
[    2.184661] ioc0: LSI53C1030 A0: Capabilities={Initiator}
[    2.250953] input: ImExPS/2 Generic Explorer Mouse as /devices/platform/i8042/serio1/input/input4
[    2.425711] scsi host2: ioc0: LSI53C1030 A0, FwRev=00000000h, Ports=1, MaxQ=256, IRQ=20
[    2.597014] scsi 2:0:0:0: Direct-Access     VBOX     HARDDISK         1.0  PQ: 0 ANSI: 5
[    2.628335] scsi target2:0:0: Beginning Domain Validation
[    2.633043] scsi target2:0:0: Domain Validation skipping write tests
[    2.634999] scsi target2:0:0: Ending Domain Validation
[    2.637241] scsi target2:0:0: asynchronous
[    2.641574] scsi 2:0:1:0: Direct-Access     VBOX     HARDDISK         1.0  PQ: 0 ANSI: 5
[    2.964670] scsi target2:0:1: Beginning Domain Validation
[    2.967889] scsi target2:0:1: Domain Validation skipping write tests
[    2.969423] scsi target2:0:1: Ending Domain Validation
[    2.970549] scsi target2:0:1: asynchronous
[    2.981661] sd 2:0:0:0: Attached scsi generic sg0 type 0
[    2.982278] sd 2:0:0:0: [sda] 83886080 512-byte logical blocks: (42.9 GB/40.0 GiB)
[    2.983070] sd 2:0:1:0: Attached scsi generic sg1 type 0
[    2.986927] sd 2:0:0:0: [sda] Write Protect is off
[    2.990330] sd 2:0:1:0: [sdb] 20480 512-byte logical blocks: (10.5 MB/10.0 MiB)
[    2.993846] sd 2:0:1:0: [sdb] Write Protect is off
[    2.996518] sd 2:0:0:0: [sda] Incomplete mode parameter data
[    2.998087] sd 2:0:0:0: [sda] Assuming drive cache: write through
[    2.999206] sd 2:0:1:0: [sdb] Incomplete mode parameter data
[    3.000443] sd 2:0:1:0: [sdb] Assuming drive cache: write through
[    3.002981]  sda: sda1
[    3.004941] sd 2:0:0:0: [sda] Attached SCSI disk
[    3.006520] sd 2:0:1:0: [sdb] Attached SCSI disk
[    3.052151] e1000 0000:00:03.0 eth0: (PCI:33MHz:32-bit) 02:3b:7b:b7:3b:2d
[    3.054433] e1000 0000:00:03.0 eth0: Intel(R) PRO/1000 Network Connection
[    3.058326] e1000 0000:00:03.0 enp0s3: renamed from eth0
Begin: Loading essential drivers ... [    4.688270] raid6: sse2x1   gen()  7924 MB/s
[    4.736323] raid6: sse2x1   xor()  5585 MB/s
[    4.784460] raid6: sse2x2   gen() 11159 MB/s
[    4.832113] raid6: sse2x2   xor()  7351 MB/s
[    4.880338] raid6: sse2x4   gen()  9703 MB/s
[    4.928224] raid6: sse2x4   xor()  5316 MB/s
[    4.976215] raid6: avx2x1   gen()  9028 MB/s
[    5.024167] raid6: avx2x1   xor()  6083 MB/s
[    5.072029] raid6: avx2x2   gen() 11094 MB/s
[    5.120264] raid6: avx2x2   xor() 14875 MB/s
[    5.168403] raid6: avx2x4   gen() 26491 MB/s
[    5.216205] raid6: avx2x4   xor() 10232 MB/s
[    5.217841] raid6: using algorithm avx2x4 gen() 26491 MB/s
[    5.220356] raid6: .... xor() 10232 MB/s, rmw enabled
[    5.221621] raid6: using avx2x2 recovery algorithm
[    5.225300] xor: automatically using best checksumming function   avx       
[    5.230902] async_tx: api initialized (async)
done.
Begin: Running /scripts/init-premount ... done.
Begin: Mounting root file system ... Begin: Running /scripts/local-top ... done.
Begin: Running /scripts/local-premount ... [    5.307141] Btrfs loaded, crc32c=crc32c-intel
Scanning for Btrfs filesystems
done.
Warning: fsck not present, so skipping root file system
[    5.336714] EXT4-fs (sda1): mounted filesystem with ordered data mode. Opts: (null)
done.
Begin: Running /scripts/local-bottom ... done.
Begin: Running /scripts/init-bottom ... done.
[    5.513272] ip_tables: (C) 2000-2006 Netfilter Core Team
[    5.524270] systemd[1]: systemd 237 running in system mode. (+PAM +AUDIT +SELINUX +IMA +APPARMOR +SMACK +SYSVINIT +UTMP +LIBCRYPTSETUP +GCRYPT +GNUTLS +ACL +XZ +LZ4 +SECCOMP +BLKID +ELFUTILS +KMOD -IDN2 +IDN -PCRE2 default-hierarchy=hybrid)
[    5.529066] systemd[1]: Detected virtualization oracle.
[    5.529930] systemd[1]: Detected architecture x86-64.

Welcome to [1mUbuntu 18.04.6 LTS[0m!

[    5.541731] systemd[1]: Set hostname to <ubuntu>.
[    5.545636] systemd[1]: Initializing machine ID from random generator.
[    5.546835] systemd[1]: Installed transient /etc/machine-id file.
[    5.840790] systemd[1]: Reached target System Time Synchronized.
[[0;32m  OK  [0m] Reached target System Time Synchronized.
[    5.843309] systemd[1]: Started Forward Password Requests to Wall Directory Watch.
[[0;32m  OK  [0m] Started Forward Password Requests to Wall Directory Watch.
[    5.850426] systemd[1]: Created slice System Slice.
[[0;32m  OK  [0m] Created slice System Slice.
[    5.852805] systemd[1]: Listening on Syslog Socket.
[[0;32m  OK  [0m] Listening on Syslog Socket.
[[0;32m  OK  [0m] Listening on LVM2 poll daemon socket.
[[0;32m  OK  [0m] Listening on Device-mapper event daemon FIFOs.
[[0;32m  OK  [0m] Listening on udev Kernel Socket.
[[0;32m  OK  [0m] Reached target Swap.
[[0;32m  OK  [0m] Listening on Network Service Netlink Socket.
[[0;32m  OK  [0m] Listening on Journal Socket (/dev/log).
[[0;32m  OK  [0m] Listening on Journal Socket.
         Mounting Huge Pages File System...
         Mounting Kernel Debug File System...
         Starting Set the console keyboard layout...
[[0;32m  OK  [0m] Listening on Journal Audit Socket.
         Mounting POSIX Message Queue File System...
[[0;32m  OK  [0m] Listening on /dev/initctl Compatibility Named Pipe.
[[0;32m  OK  [0m] Created slice system-serial\x2dgetty.slice.
         Starting Load Kernel Modules...
[[0;32m  OK  [0m] Set up automount Arbitrary Executabâ€¦rmats File System Automount Point.
[    5.923088] Loading iSCSI transport class v2.0-870.
[[0;32m  OK  [0m] Listening on fsck to fsckd communication Socket.
         Starting Journal Service...
[[0;32m  OK  [0m] Created slice User and Session Slice.
[[0;32m  OK  [0m] Reached target Slices.
[[0;32m  OK  [0m] Listening on udev Control Socket.
         Starting udev Coldplug all Devices...
         Starting Uncomplicated firewall...
[[0;32m  OK  [0m] Listening on LVM2 metadata daemon socket.
         Starting Monitoring of LVM2 mirrorsâ€¦ng dmeventd or progress polling...
[[0;32m  OK  [0m] Reached target User and Group Name Lookups.
[[0;32m  OK  [0m] Reached target Mounting snaps.
[[0;32m  OK  [0m] Reached target Mounted snaps.
         Starting File System Check on Root Device...
[    5.965795] iscsi: registered transport (tcp)
         Starting Create list of required stâ€¦ce nodes for the current kernel...
[[0;32m  OK  [0m] Mounted Huge Pages File System.
[[0;32m  OK  [0m] Mounted Kernel Debug File System.
[[0;32m  OK  [0m] Mounted POSIX Message Queue File System.
[[0;32m  OK  [0m] Started Uncomplicated firewall.
[[0;32m  OK  [0m] Started Journal Service.
[[0;32m  OK  [0m] Started LVM2 metadata daemon.
[[0;32m  OK  [0m] Started File System Check Daemon to report status.
[[0;32m  OK  [0m] Started Create list of required staâ€¦vice nodes for the current kernel.
         Starting Create Static Device Nodes in /dev...
[[0;32m  OK  [0m] Started udev Coldplug all Devices.
[[0;32m  OK  [0m] Started Create Static Device Nodes in /dev.
[[0;32m  OK  [0m] Started Monitoring of LVM2 mirrors,â€¦sing dmeventd or progress polling.
[[0;32m  OK  [0m] Started File System Check on Root Device.
[    6.181490] iscsi: registered transport (iser)
         Starting Remount Root and Kernel File Systems...
[[0;32m  OK  [0m] Started Load Kernel Modules.
         Starting Apply Kernel Variables...
         Mounting FUSE Control File System...
         Mounting Kernel Configuration File System...
[[0;32m  OK  [0m] Mounted FUSE Control File System.
[[0;32m  OK  [0m] Mounted Kernel Configuration File System.
[[0;32m  OK  [0m] Started Remount Root and Kernel File Systems.
         Starting Flush Journal to Persistent Storage...
         Starting Load/Save Random Seed...
         Starting udev Kernel Device Manager...
[[0;32m  OK  [0m] Started Apply Kernel Variables.
[[0;32m  OK  [0m] Started Load/Save Random Seed.
[[0;32m  OK  [0m] Started udev Kernel Device Manager.
[[0;32m  OK  [0m] Started Flush Journal to Persistent Storage.
[[0;32m  OK  [0m] Found device /dev/ttyS0.
[[0;32m  OK  [0m] Listening on Load/Save RF Kill Switch Status /dev/rfkill Watch.
         Mounting Arbitrary Executable File Formats File System...
[[0;32m  OK  [0m] Mounted Arbitrary Executable File Formats File System.
[[0;32m  OK  [0m] Started Set the console keyboard layout.
[[0;32m  OK  [0m] Reached target Local File Systems (Pre).
[[0;32m  OK  [0m] Reached target Local File Systems.
         Starting Tell Plymouth To Write Out Runtime Data...
         Starting ebtables ruleset management...
         Starting Commit a transient machine-id on disk...
         Starting Create Volatile Files and Directories...
         Starting Set console font and keymap...
         Starting AppArmor initialization...
[[0;32m  OK  [0m] Started Dispatch Password Requests to Console Directory Watch.
[[0;32m  OK  [0m] Reached target Local Encrypted Volumes.
[[0;32m  OK  [0m] Started Tell Plymouth To Write Out Runtime Data.
[[0;32m  OK  [0m] Started Create Volatile Files and Directories.
         Starting Update UTMP about System Boot/Shutdown...
[[0;32m  OK  [0m] Started Update UTMP about System Boot/Shutdown.
[[0;32m  OK  [0m] Started Commit a transient machine-id on disk.
[[0;32m  OK  [0m] Started ebtables ruleset management.
[[0;32m  OK  [0m] Started AppArmor initialization.
         Starting Load AppArmor profiles managed internally by snapd...
         Starting Initial cloud-init job (pre-networking)...
[[0;32m  OK  [0m] Started Load AppArmor profiles managed internally by snapd.
[[0;32m  OK  [0m] Started Set console font and keymap.
[   11.548238] cloud-init[767]: Cloud-init v. 23.1.2-0ubuntu0~18.04.1 running 'init-local' at Wed, 25 Jun 2025 19:52:47 +0000. Up 11.00 seconds.
[[0;32m  OK  [0m] Started Initial cloud-init job (pre-networking).
[[0;32m  OK  [0m] Reached target Network (Pre).
         Starting Network Service...
[[0;32m  OK  [0m] Started Network Service.
         Starting Network Name Resolution...
         Starting Wait for Network to be Configured...
[[0;32m  OK  [0m] Started Network Name Resolution.
[[0;32m  OK  [0m] Reached target Network.
[[0;32m  OK  [0m] Reached target Host and Network Name Lookups.
[[0;32m  OK  [0m] Started Wait for Network to be Configured.
         Starting Initial cloud-init job (metadata service crawler)...
[   14.389952] cloud-init[899]: Cloud-init v. 23.1.2-0ubuntu0~18.04.1 running 'init' at Wed, 25 Jun 2025 19:52:51 +0000. Up 14.18 seconds.
[   14.392052] cloud-init[899]: ci-info: +++++++++++++++++++++++++++++++++++++++++++Net device info++++++++++++++++++++++++++++++++++++++++++++
[   14.392915] cloud-init[899]: ci-info: +--------+------+---------------------------------------+---------------+--------+-------------------+
[   14.404269] cloud-init[899]: ci-info: | Device |  Up  |                Address                |      Mask     | Scope  |     Hw-Address    |
[   14.416395] cloud-init[899]: ci-info: +--------+------+---------------------------------------+---------------+--------+-------------------+
[   14.428297] cloud-init[899]: ci-info: | enp0s3 | True |               10.0.2.15               | 255.255.255.0 | global | 02:3b:7b:b7:3b:2d |
[   14.429463] cloud-init[899]: ci-info: | enp0s3 | True | fd17:625c:f037:2:3b:7bff:feb7:3b2d/64 |       .       | global | 02:3b:7b:b7:3b:2d |
[   14.433191] cloud-init[899]: ci-info: | enp0s3 | True |       fe80::3b:7bff:feb7:3b2d/64      |       .       |  link  | 02:3b:7b:b7:3b:2d |
[   14.436244] cloud-init[899]: ci-info: |   lo   | True |               127.0.0.1               |   255.0.0.0   |  host  |         .         |
[   14.439140] cloud-init[899]: ci-info: |   lo   | True |                ::1/128                |       .       |  host  |         .         |
[   14.440547] cloud-init[899]: ci-info: +--------+------+---------------------------------------+---------------+--------+-------------------+
[   14.441661] cloud-init[899]: ci-info: ++++++++++++++++++++++++++++Route IPv4 info+++++++++++++++++++++++++++++
[   14.442648] cloud-init[899]: ci-info: +-------+-------------+----------+-----------------+-----------+-------+
[   14.443684] cloud-init[899]: ci-info: | Route | Destination | Gateway  |     Genmask     | Interface | Flags |
[   14.444689] cloud-init[899]: ci-info: +-------+-------------+----------+-----------------+-----------+-------+
[   14.445939] cloud-init[899]: ci-info: |   0   |   0.0.0.0   | 10.0.2.2 |     0.0.0.0     |   enp0s3  |   UG  |
[   14.456346] cloud-init[899]: ci-info: |   1   |   10.0.2.0  | 0.0.0.0  |  255.255.255.0  |   enp0s3  |   U   |
[   14.457727] cloud-init[899]: ci-info: |   2   |   10.0.2.2  | 0.0.0.0  | 255.255.255.255 |   enp0s3  |   UH  |
[   14.458664] cloud-init[899]: ci-info: +-------+-------------+----------+-----------------+-----------+-------+
[   14.460106] cloud-init[899]: ci-info: ++++++++++++++++++++++++Route IPv6 info++++++++++++++++++++++++
[   14.461584] cloud-init[899]: ci-info: +-------+-----------------------+---------+-----------+-------+
[   14.472848] cloud-init[899]: ci-info: | Route |      Destination      | Gateway | Interface | Flags |
[   14.474384] cloud-init[899]: ci-info: +-------+-----------------------+---------+-----------+-------+
[   14.475444] cloud-init[899]: ci-info: |   1   | fd17:625c:f037:2::/64 |    ::   |   enp0s3  |   U   |
[   14.476249] cloud-init[899]: ci-info: |   2   |       fe80::/64       |    ::   |   enp0s3  |   U   |
[   14.476983] cloud-init[899]: ci-info: |   3   |          ::/0         | fe80::2 |   enp0s3  |   UG  |
[   14.477868] cloud-init[899]: ci-info: |   5   |         local         |    ::   |   enp0s3  |   U   |
[   14.479071] cloud-init[899]: ci-info: |   6   |        ff00::/8       |    ::   |   enp0s3  |   U   |
[   14.480258] cloud-init[899]: ci-info: +-------+-----------------------+---------+-----------+-------+
[   15.089226] cloud-init[899]: Generating public/private rsa key pair.
[   15.090733] cloud-init[899]: Your identification has been saved in /etc/ssh/ssh_host_rsa_key.
[   15.091720] cloud-init[899]: Your public key has been saved in /etc/ssh/ssh_host_rsa_key.pub.
[   15.092418] cloud-init[899]: The key fingerprint is:
[   15.093451] cloud-init[899]: SHA256:qcCOMRbXEtfsipmmL27n9GthdZ0Fd2qVkEgxrWYNMD8 root@ubuntu-bionic
[   15.096198] cloud-init[899]: The key's randomart image is:
[   15.100132] cloud-init[899]: +---[RSA 2048]----+
[   15.103744] cloud-init[899]: |    . .o oo+=o+ +|
[   15.107108] cloud-init[899]: |     +  o oo.+.= |
[   15.108517] cloud-init[899]: |  . o ..   E+oo  |
[   15.120314] cloud-init[899]: |   + .  o..++o   |
[   15.132376] cloud-init[899]: |  + o+ oS.o      |
[   15.144338] cloud-init[899]: | . ==.+.         |
[   15.144998] cloud-init[899]: |  .oo...         |
[   15.156345] cloud-init[899]: |  +....          |
[   15.157303] cloud-init[899]: | o.=o.o.         |
[   15.158124] cloud-init[899]: +----[SHA256]-----+
[   15.168220] cloud-init[899]: Generating public/private dsa key pair.
[   15.169303] cloud-init[899]: Your identification has been saved in /etc/ssh/ssh_host_dsa_key.
[   15.171146] cloud-init[899]: Your public key has been saved in /etc/ssh/ssh_host_dsa_key.pub.
[   15.173234] cloud-init[899]: The key fingerprint is:
[   15.173987] cloud-init[899]: SHA256:Ke8OhO8V7nCoQhdj2T3CdzZItSLSlNOBXqbzLjkE6y0 root@ubuntu-bionic
[   15.174684] cloud-init[899]: The key's randomart image is:
[   15.175083] cloud-init[899]: +---[DSA 1024]----+
[   15.175449] cloud-init[899]: |      .+.o.      |
[   15.184398] cloud-init[899]: |     o+ =  .     |
[   15.185280] cloud-init[899]: |    .=oB...      |
[[   15.196516] [0;32m  OK  [0mcloud-init] [899]: Started Initial cloud-init job (metadata service crawler).|    *oB.=o+      |

[   15.198192] cloud-init[899]: |   ..=o=S+ .     |
[   15.199505] cloud-init[899]: |  . oo.=..       |
[   15.200668] cloud-init[899]: | . o o=o=        |
[[   15.201663] [0;32m  OK  [0mcloud-init[899]: |  . Eo=B.        |
[   15.202382] cloud-init[899]: |   ....++        |
] Reached target Cloud-config availability.[   15.203062] cloud-init[899]: +----[SHA256]-----+
[   15.203629] cloud-init[899]: Generating public/private ecdsa key pair.

[[0;32m  OK  [0m[   15.204420] cloud-init[899]: Your identification has been saved in /etc/ssh/ssh_host_ecdsa_key.
] Reached target Network is Online.
[   15.205483] cloud-init[899]: Your public key has been saved in /etc/ssh/ssh_host_ecdsa_key.pub.
[   15.206741] cloud-init[899]: The key fingerprint is:
[[0;32m  OK  [0m[   15.207327] cloud-init[899]: SHA256:9hoCfsruJd4WZ/6upxpiai3W0iwPwVBmVwWJDN/Pyes root@ubuntu-bionic
[   15.207594] cloud-init[899]: The key's randomart image is:
[   15.207962] cloud-init[899]: +---[ECDSA 256]---+
[   15.208466] cloud-init[899]: |  =o.oo+.        |
[   15.209249] cloud-init[899]: | + oo..          |
[   15.209475] cloud-init[899]: |.   . .          |
] Reached target Remote File Systems (Pre).
[   15.210070] cloud-init[899]: | o     + .       |
[[0;32m  OK  [0m] Reached target Remote File Systems.
[   15.211531] cloud-init[899]: |  o .   S        |
[   15.212362] cloud-init[899]: |   o ...oo       |
[   15.212890] cloud-init[899]: |  .== ==o .      |
[   15.213473] cloud-init[899]: |  **=B.+.o.      |
[   15.214099] cloud-init[899]: | o.BB.o.E*o      |
[   15.214828] cloud-init[899]: +----[SHA256]-----+
[   15.215630] cloud-init[899]: Generating public/private ed25519 key pair.
[   15.216690] cloud-init[899]: Your identification has been saved in /etc/ssh/ssh_host_ed25519_key.
[   15.217903] cloud-init[899]: Your public key has been saved in /etc/ssh/ssh_host_ed25519_key.pub.
[   15.219059] cloud-init[899]: The key fingerprint is:
[   15.219776] cloud-init[899]: SHA256:Kmw0Nfs2KKhCaKAaYn3GTNSHqCm5MmTQAxfNN7EuNxQ root@ubuntu-bionic
         Starting Availability of block devices...
[   15.221926] cloud-init[[0;32m  OK  [0m] Reached target System Initialization.
[[0;32m  OK  [0m] Listening on ACPID Listen Socket.
[[0;32m  OK  [0m] Listening on UUID daemon activation socket.
[[899]: The key's randomart image is:
[   15.234451] cloud-init[899]: +--[ED25519 256]--+
[   15.235940] [0;32m  OK  [0m] Listening on D-Bus System Message Bus Socket.
[[0;32m  OK  [0m] Listening on Open-iSCSI iscsid Socket.
[[0;32m  OK  [0mcloud-init[899]: |.oo+  E..        |
] Listening on cloud-init hotplug hook socket.
[   15.240289] cloud-init[899]: |..o ooo= .       |
[   15.257638] cloud-init[899]: |. ..+.=..        |
[   15.258488] cloud-init[899]: |.= o = o         |
[   15.259353] cloud-init[899]: |* + B = S        |
[   15.259857] cloud-init[899]: |B= = O =         |
         [   15.272834] cloud-init[899]: |Bo. B o +        |
[   15.273223] cloud-init[899]: |o. . o . .       |
[   15.273617] cloud-init[899]: |o                |
Starting Socket activation for snappy daemon.
[   15.273792] cloud-init[899]: +----[SHA256]-----+
[[0;32m  OK  [0m] Started Daily apt download activities.
[[0;32m  OK  [0m] Started Daily apt upgrade and clean activities.
[[0;32m  OK  [0m] Started ACPI Events Check.
[[0;32m  OK  [0m] Reached target Paths.
[[0;32m  OK  [0m] Started Message of the Day.
[[0;32m  OK  [0m] Started Ubuntu Advantage Timer for running repeated jobs.
[[0;32m  OK  [0m] Started Discard unused blocks once a week.
[[0;32m  OK  [0m] Started Daily Cleanup of Temporary Directories.
[[0;32m  OK  [0m] Reached target Timers.
         Starting LXD - unix socket.
[[0;32m  OK  [0m] Started Availability of block devices.
[[0;32m  OK  [0m] Listening on Socket activation for snappy daemon.
[[0;32m  OK  [0m] Listening on LXD - unix socket.
[[0;32m  OK  [0m] Reached target Sockets.
[[0;32m  OK  [0m] Reached target Basic System.
         Starting LXD - container startup/shutdown...
         Starting Accounts Service...
         Starting Pollinate to seed the pseudo random number generator...
         Starting Dispatcher daemon for systemd-networkd...
         Starting Permit User Sessions...
[[0;32m  OK  [0m] Reached target Login Prompts (Pre).
[[0;32m  OK  [0m] Started Regular background program processing daemon.
[[0;32m  OK  [0m] Started irqbalance daemon.
         Starting System Logging Service...
[[0;32m  OK  [0m] Started FUSE filesystem for LXC.
         Starting Virtualbox guest utils...
         Starting LSB: Record successful boot for GRUB...
[[0;32m  OK  [0m] Started Deferred execution scheduler.
[[0;32m  OK  [0m] Started D-Bus System Message Bus.
         Starting Login Service...
         Starting LSB: automatic crash report generation...
         Starting Snap Daemon...
[[0;32m  OK  [0m] Started System Logging Service.
[[0;32m  OK  [0m] Started LXD - container startup/shutdown.
[[0;32m  OK  [0m] Started Permit User Sessions.
[[0;32m  OK  [0m] Started Login Service.
[[0;32m  OK  [0m] Started Unattended Upgrades Shutdown.
         Starting Authorization Manager...
         Starting Hostname Service...
         Starting Terminate Plymouth Boot Screen...
         Starting Hold until boot process finishes up...
[[0;32m  OK  [0m] Started Hold until boot process finishes up.
[[0;32m  OK  [0m] Started Terminate Plymouth Boot Screen.
         Starting Set console scheme...
[[0;32m  OK  [0m] Started Serial Getty on ttyS0.
[[0;32m  OK  [0m] Started Dispatcher daemon for systemd-networkd.
[[0;32m  OK  [0m] Started Set console scheme.
[[0;32m  OK  [0m] Created slice system-getty.slice.
[[0;32m  OK  [0m] Started Getty on tty1.
[[0;32m  OK  [0m] Reached target Login Prompts.
[[0;32m  OK  [0m] Started LSB: automatic crash report generation.
[[0;32m  OK  [0m] Started Hostname Service.
[[0;32m  OK  [0m] Started LSB: Record successful boot for GRUB.
[[0;32m  OK  [0m] Started Authorization Manager.
[[0;32m  OK  [0m] Started Accounts Service.
[[0;32m  OK  [0m] Started Virtualbox guest utils.
[[0;32m  OK  [0m] Started Snap Daemon.
         Starting Wait until snapd is fully seeded...
[[0;32m  OK  [0m] Started Pollinate to seed the pseudo random number generator.
         Starting OpenBSD Secure Shell server...
[[0;32m  OK  [0m] Started OpenBSD Secure Shell server.
         Starting Time & Date Service...
[[0;32m  OK  [0m] Started Time & Date Service.
[[0;32m  OK  [0m] Created slice User Slice of vagrant.
         Starting User Manager for UID 1000...
[[0;32m  OK  [0m] Started Session 1 of user vagrant.
[[0;32m  OK  [0m] Started User Manager for UID 1000.
[[0;32m  OK  [0m] Started Wait until snapd is fully seeded.
         Starting Apply the settings specified in cloud-config...

Ubuntu 18.04.6 LTS ubuntu-bionic ttyS0

ubuntu-bionic login: [   23.169637] cloud-init[1457]: Cloud-init v. 23.1.2-0ubuntu0~18.04.1 running 'modules:config' at Wed, 25 Jun 2025 19:52:58 +0000. Up 21.69 seconds.
ci-info: no authorized SSH keys fingerprints found for user ubuntu.
<14>Jun 25 19:53:01 cloud-init: #############################################################
<14>Jun 25 19:53:01 cloud-init: -----BEGIN SSH HOST KEY FINGERPRINTS-----
<14>Jun 25 19:53:01 cloud-init: 1024 SHA256:Ke8OhO8V7nCoQhdj2T3CdzZItSLSlNOBXqbzLjkE6y0 root@ubuntu-bionic (DSA)
<14>Jun 25 19:53:01 cloud-init: 256 SHA256:9hoCfsruJd4WZ/6upxpiai3W0iwPwVBmVwWJDN/Pyes root@ubuntu-bionic (ECDSA)
<14>Jun 25 19:53:01 cloud-init: 256 SHA256:Kmw0Nfs2KKhCaKAaYn3GTNSHqCm5MmTQAxfNN7EuNxQ root@ubuntu-bionic (ED25519)
<14>Jun 25 19:53:02 cloud-init: 2048 SHA256:qcCOMRbXEtfsipmmL27n9GthdZ0Fd2qVkEgxrWYNMD8 root@ubuntu-bionic (RSA)
<14>Jun 25 19:53:02 cloud-init: -----END SSH HOST KEY FINGERPRINTS-----
<14>Jun 25 19:53:02 cloud-init: #############################################################
-----BEGIN SSH HOST KEY KEYS-----
ecdsa-sha2-nistp256 AAAAE2VjZHNhLXNoYTItbmlzdHAyNTYAAAAIbmlzdHAyNTYAAABBBHIY2ENRHdGYG3aFnGZMGZ71ypsfNwgDRY5IguQt0tVTbLLO9Zbjp436IYIyedkxMWopOW5uMomLZU55n1pMcZc= root@ubuntu-bionic
ssh-ed25519 AAAAC3NzaC1lZDI1NTE5AAAAIMuj3VEhhqzVzFQtRr5GSOSbb0XCsgn/4uaPztpsVWyu root@ubuntu-bionic
ssh-rsa AAAAB3NzaC1yc2EAAAADAQABAAABAQC9Q0gQwujARV1Bm2V8YNLk1Qt/heyOM1NM3QYd1X5XdZrmwzji2Bl5ifBnLSkJ/qHxDCCPmOo9R/hPdaVdaGndnVRK5PiwxWbUI7el1A3a8EfA2ySxHc4qi+OUtQHtZoJEbz13vEu6voYDvBndmGYMLo3JnSfbjaN81ThIjRBQ/LkeOcgBg+Cim58g21DweQP9eDYHL9nQjpc9mTB1psctqKF6Ctr6QHDRxYVmII4Jt79v3P6LvHRXjX5k8Qgdagp8HyifVtsmXVgb3ldtMI+g4h36G6imloPXHlGMs2Cx0P37NQFTq+W3HDXzvsTZzcoXh6MaxRYqwFJxAmMae98v root@ubuntu-bionic
-----END SSH HOST KEY KEYS-----
[   25.064825] cloud-init[1596]: Cloud-init v. 23.1.2-0ubuntu0~18.04.1 running 'modules:final' at Wed, 25 Jun 2025 19:53:01 +0000. Up 24.65 seconds.
[   25.065067] cloud-init[1596]: Cloud-init v. 23.1.2-0ubuntu0~18.04.1 finished at Wed, 25 Jun 2025 19:53:02 +0000. Datasource DataSourceNoCloud [seed=/dev/sdb][dsmode=net].  Up 25.04 seconds
